-- Automatically generated by SQLQueryTestSuite
-- Number of queries: 8


-- !query 0
CREATE TABLE t (a STRING, b INT) PARTITIONED BY (c STRING, d STRING)
-- !query 0 schema
struct<>
-- !query 0 output



-- !query 1
ALTER TABLE t ADD PARTITION (c='Us', d=1)
-- !query 1 schema
struct<>
-- !query 1 output



-- !query 2
DESC t
-- !query 2 schema
struct<col_name:string,data_type:string,comment:string>
-- !query 2 output
# Partition Information	                    	                    
# col_name          	data_type           	comment             
a                   	string              	                    
b                   	int                 	                    
c                   	string              	                    
c                   	string              	                    
d                   	string              	                    
d                   	string


-- !query 3
DESC t PARTITION (c='Us', d=1)
-- !query 3 schema
struct<col_name:string,data_type:string,comment:string>
-- !query 3 output
# Partition Information	                    	                    
# col_name          	data_type           	comment             
a                   	string              	                    
b                   	int                 	                    
c                   	string              	                    
c                   	string              	                    
d                   	string              	                    
d                   	string


-- !query 4
DESC t PARTITION (c='Us', d=2)
-- !query 4 schema
struct<>
-- !query 4 output
org.apache.spark.sql.catalyst.analysis.NoSuchPartitionException
Partition not found in table 't' database 'default':
c -> Us
d -> 2;


-- !query 5
DESC t PARTITION (c='Us')
-- !query 5 schema
struct<>
-- !query 5 output
org.apache.spark.sql.AnalysisException
Partition spec is invalid. The spec (c) must match the partition spec (c, d) defined in table '`default`.`t`';


-- !query 6
DESC t PARTITION (c='Us', d)
-- !query 6 schema
struct<>
-- !query 6 output
org.apache.spark.sql.catalyst.parser.ParseException

PARTITION specification is incomplete: `d`(line 1, pos 0)

== SQL ==
DESC t PARTITION (c='Us', d)
^^^


-- !query 7
DROP TABLE t
-- !query 7 schema
struct<>
-- !query 7 output

